00000001
ok
00000002
ok
00000003
ok
00000004
ok
00000005
ok
00000006
ok
